14:02:00 **** Incremental Build of configuration Debug for project LLCB_1 ****
make -j16 all 
arm-none-eabi-gcc "../Core/Src/encoder.c" -mcpu=cortex-m4 -std=gnu11 -g3 -DDEBUG -DUSE_HAL_DRIVER -DSTM32F401xE -c -I../Core/Inc -I../Drivers/STM32F4xx_HAL_Driver/Inc -I../Drivers/STM32F4xx_HAL_Driver/Inc/Legacy -I../Drivers/CMSIS/Device/ST/STM32F4xx/Include -I../Drivers/CMSIS/Include -O0 -ffunction-sections -fdata-sections -Wall -fstack-usage -fcyclomatic-complexity -MMD -MP -MF"Core/Src/encoder.d" -MT"Core/Src/encoder.o" --specs=nano.specs -mfpu=fpv4-sp-d16 -mfloat-abi=hard -mthumb -o "Core/Src/encoder.o"
arm-none-eabi-gcc "../Core/Src/main.c" -mcpu=cortex-m4 -std=gnu11 -g3 -DDEBUG -DUSE_HAL_DRIVER -DSTM32F401xE -c -I../Core/Inc -I../Drivers/STM32F4xx_HAL_Driver/Inc -I../Drivers/STM32F4xx_HAL_Driver/Inc/Legacy -I../Drivers/CMSIS/Device/ST/STM32F4xx/Include -I../Drivers/CMSIS/Include -O0 -ffunction-sections -fdata-sections -Wall -fstack-usage -fcyclomatic-complexity -MMD -MP -MF"Core/Src/main.d" -MT"Core/Src/main.o" --specs=nano.specs -mfpu=fpv4-sp-d16 -mfloat-abi=hard -mthumb -o "Core/Src/main.o"
arm-none-eabi-gcc -o "LLCB_1.elf" @"objects.list"   -mcpu=cortex-m4 -T"C:\Users\aniru\STM32CubeIDE\LLCBone\LLCB_1\STM32F401RETX_FLASH.ld" --specs=nosys.specs -Wl,-Map="LLCB_1.map" -Wl,--gc-sections -static --specs=nano.specs -mfpu=fpv4-sp-d16 -mfloat-abi=hard -mthumb -Wl,--start-group -lc -lm -Wl,--end-group
Finished building target: LLCB_1.elf
 
arm-none-eabi-size  LLCB_1.elf 
arm-none-eabi-objdump -h -S LLCB_1.elf  > "LLCB_1.list"
   text	   data	    bss	    dec	    hex	filename
   9996	     12	   1788	  11796	   2e14	LLCB_1.elf
Finished building: default.size.stdout
 
Finished building: LLCB_1.list
 
14:02:04 **** Incremental Build of configuration Debug for project LLCB_1 ****
make -j16 all 
arm-none-eabi-size  LLCB_1.elf 
   text	   data	    bss	    dec	    hex	filename
   9996	     12	   1788	  11796	   2e14	LLCB_1.elf
Finished building: default.size.stdout
 
14:02:20 **** Incremental Build of configuration Debug for project LLCB_1 ****
make -j16 all 
arm-none-eabi-size  LLCB_1.elf 
   text	   data	    bss	    dec	    hex	filename
   9996	     12	   1788	  11796	   2e14	LLCB_1.elf
Finished building: default.size.stdout
 
